[INFO] Scanning for projects...
[INFO] 
[INFO] --------------------------< backend:backend >---------------------------
[INFO] Building backend 0.0.1
[INFO]   from pom.xml
[INFO] --------------------------------[ jar ]---------------------------------
[INFO] 
[INFO] --- clean:3.5.0:clean (default-clean) @ backend ---
[INFO] Deleting C:\Users\Asus\Desktop\PAF\it3030-paf-2026-smart-campus-WE_419_2.2\backend\target
[INFO] 
[INFO] --- resources:3.3.1:resources (default-resources) @ backend ---
[INFO] Copying 1 resource from src\main\resources to target\classes
[INFO] Copying 0 resource from src\main\resources to target\classes
[INFO] 
[INFO] --- compiler:3.14.1:compile (default-compile) @ backend ---
[INFO] Recompiling the module because of changed source code.
[INFO] Compiling 70 source files with javac [debug parameters release 25] to target\classes
cmd : WARNING: A terminally deprecated method in sun.misc.Unsafe has been 
called
At line:1 char:145
+ ... ampus-WE_419_2.2\backend"; cmd /c mvnw.cmd clean compile 2>&1 | Tee-O ...
+                                ~~~~~~~~~~~~~~~~~~~~~~~~~~~~~~~~~~
    + CategoryInfo          : NotSpecified: (WARNING: A term...has been called 
   :String) [], RemoteException
    + FullyQualifiedErrorId : NativeCommandError
 
WARNING: sun.misc.Unsafe::objectFieldOffset has been called by 
lombok.permit.Permit
WARNING: Please consider reporting this to the maintainers of class 
lombok.permit.Permit
WARNING: sun.misc.Unsafe::objectFieldOffset will be removed in a future release
[INFO] ------------------------------------------------------------------------
[INFO] BUILD SUCCESS
[INFO] ------------------------------------------------------------------------
[INFO] Total time:  5.997 s
[INFO] Finished at: 2026-04-19T21:58:18+05:30
[INFO] ------------------------------------------------------------------------
